Token(type=SET, lexeme=SET, literal=null, line=1)
Token(type=INITIALIZE, lexeme=INITIALIZE, literal=null, line=1)
Token(type=INPUT, lexeme=INPUT, literal=null, line=2)
Token(type=OUTPUT, lexeme=OUTPUT, literal=null, line=2)
Token(type=PRINT, lexeme=PRINT, literal=null, line=2)
Token(type=IF, lexeme=IF, literal=null, line=3)
Token(type=THEN, lexeme=THEN, literal=null, line=3)
Token(type=ELSE, lexeme=ELSE, literal=null, line=3)
Token(type=FOR, lexeme=FOR, literal=null, line=4)
Token(type=EACH, lexeme=EACH, literal=null, line=4)
Token(type=IN, lexeme=IN, literal=null, line=4)
Token(type=TO, lexeme=TO, literal=null, line=4)
Token(type=STEP, lexeme=STEP, literal=null, line=4)
Token(type=WHILE, lexeme=WHILE, literal=null, line=5)
Token(type=DO, lexeme=DO, literal=null, line=5)
Token(type=REPEAT, lexeme=REPEAT, literal=null, line=6)
Token(type=UNTIL, lexeme=UNTIL, literal=null, line=6)
Token(type=CASE, lexeme=CASE, literal=null, line=7)
Token(type=OF, lexeme=OF, literal=null, line=7)
Token(type=DEFAULT, lexeme=DEFAULT, literal=null, line=7)
Token(type=FUNCTION, lexeme=FUNCTION, literal=null, line=8)
Token(type=PROCEDURE, lexeme=PROCEDURE, literal=null, line=8)
Token(type=CALL, lexeme=CALL, literal=null, line=8)
Token(type=RETURN, lexeme=RETURN, literal=null, line=8)
Token(type=END, lexeme=END, literal=null, line=9)
Token(type=TRUE, lexeme=TRUE, literal=true, line=10)
Token(type=FALSE, lexeme=FALSE, literal=false, line=10)
Token(type=NIL, lexeme=NIL, literal=null, line=10)
Token(type=EOF, lexeme=, literal=null, line=10)