Token(type=VAR, lexeme=INITIALIZE, literal=null, line=1)
Token(type=IDENTIFIER, lexeme=str, literal=null, line=1)
Token(type=EQUAL, lexeme=<-, literal=null, line=1)
Token(type=STRING, lexeme="string", literal=string, line=1)
Token(type=VAR, lexeme=SET, literal=null, line=2)
Token(type=IDENTIFIER, lexeme=str, literal=null, line=2)
Token(type=EQUAL, lexeme=<-, literal=null, line=2)
Token(type=STRING, lexeme="new string", literal=new string, line=2)
Token(type=VAR, lexeme=INITIALIZE, literal=null, line=3)
Token(type=IDENTIFIER, lexeme=num, literal=null, line=3)
Token(type=EQUAL, lexeme=<-, literal=null, line=3)
Token(type=NUMBER, lexeme=0, literal=0.0, line=3)
Token(type=VAR, lexeme=INITIALIZE, literal=null, line=4)
Token(type=IDENTIFIER, lexeme=is_true, literal=null, line=4)
Token(type=EQUAL, lexeme=<-, literal=null, line=4)
Token(type=FALSE, lexeme=FALSE, literal=false, line=4)
Token(type=VAR, lexeme=INITIALIZE, literal=null, line=5)
Token(type=IDENTIFIER, lexeme=l3tter_, literal=null, line=5)
Token(type=EQUAL, lexeme=<-, literal=null, line=5)
Token(type=STRING, lexeme="", literal=, line=5)
Token(type=VAR, lexeme=INITIALIZE, literal=null, line=6)
Token(type=IDENTIFIER, lexeme=_null, literal=null, line=6)
Token(type=EQUAL, lexeme=<-, literal=null, line=6)
Token(type=NIL, lexeme=NIL, literal=null, line=6)