Token(type=IDENTIFIER, lexeme=variable, literal=null, line=1)
Token(type=IDENTIFIER, lexeme=v4riable, literal=null, line=2)
Token(type=IDENTIFIER, lexeme=_var, literal=null, line=3)
Token(type=IDENTIFIER, lexeme=va_ri, literal=null, line=4)
Token(type=IDENTIFIER, lexeme=_v4ri, literal=null, line=5)
Token(type=IDENTIFIER, lexeme=var1, literal=null, line=6)
Token(type=IDENTIFIER, lexeme=var2, literal=null, line=6)
Token(type=EOF, lexeme=, literal=null, line=6)