Token(type=STAR, lexeme=*, literal=null, line=1)
Token(type=SLASH, lexeme=/, literal=null, line=1)
Token(type=MOD, lexeme=MOD, literal=null, line=1)
Token(type=PLUS, lexeme=+, literal=null, line=2)
Token(type=MINUS, lexeme=-, literal=null, line=2)
Token(type=EQUAL, lexeme==, literal=null, line=3)
Token(type=GREATER, lexeme=>, literal=null, line=3)
Token(type=GREATER_EQUAL, lexeme=>=, literal=null, line=3)
Token(type=LESSER, lexeme=<, literal=null, line=3)
Token(type=LESSER_EQUAL, lexeme=<=, literal=null, line=3)
Token(type=NOT_EQUAL, lexeme=!=, literal=null, line=3)
Token(type=NOT, lexeme=NOT, literal=null, line=4)
Token(type=AND, lexeme=AND, literal=null, line=5)
Token(type=OR, lexeme=OR, literal=null, line=5)
Token(type=XOR, lexeme=XOR, literal=null, line=5)
Token(type=ASSIGN, lexeme=<-, literal=null, line=6)
Token(type=EOF, lexeme=, literal=null, line=6)