Token(type=STAR, lexeme=*, literal=null, line=1)
Token(type=SLASH, lexeme=/, literal=null, line=1)
Token(type=MOD, lexeme=MOD, literal=null, line=2)
Token(type=MOD, lexeme=%, literal=null, line=2)
Token(type=PLUS, lexeme=+, literal=null, line=3)
Token(type=MINUS, lexeme=-, literal=null, line=3)
Token(type=EQUAL, lexeme==, literal=null, line=4)
Token(type=GREATER, lexeme=>, literal=null, line=5)
Token(type=GREATER_EQUAL, lexeme=>=, literal=null, line=5)
Token(type=LESSER, lexeme=<, literal=null, line=6)
Token(type=LESSER_EQUAL, lexeme=<=, literal=null, line=6)
Token(type=NOT, lexeme=NOT, literal=null, line=7)
Token(type=NOT, lexeme=!, literal=null, line=7)
Token(type=NOT_EQUAL, lexeme=!=, literal=null, line=8)
Token(type=AND, lexeme=AND, literal=null, line=9)
Token(type=AND, lexeme=&&, literal=null, line=9)
Token(type=OR, lexeme=OR, literal=null, line=10)
Token(type=OR, lexeme=||, literal=null, line=10)
Token(type=XOR, lexeme=XOR, literal=null, line=11)
Token(type=ASSIGN, lexeme=<-, literal=null, line=12)
Token(type=LEFT_PAREN, lexeme=(, literal=null, line=13)
Token(type=RIGHT_PAREN, lexeme=), literal=null, line=13)
Token(type=COMMA, lexeme=,, literal=null, line=14)
Token(type=DOT, lexeme=., literal=null, line=15)
Token(type=COLON, lexeme=:, literal=null, line=16)
Token(type=EXP, lexeme=^, literal=null, line=17)
Token(type=MINUS, lexeme=-, literal=null, line=18)
Token(type=NUMBER, lexeme=1, literal=1.0, line=18)
Token(type=MINUS, lexeme=-, literal=null, line=19)
Token(type=NUMBER, lexeme=1.0, literal=1.0, line=19)
Token(type=EOF, lexeme=, literal=null, line=19)