Token(type=IF, lexeme=IF, literal=null, line=1)
Token(type=IDENTIFIER, lexeme=x, literal=null, line=1)
Token(type=LESSER, lexeme=<, literal=null, line=1)
Token(type=IDENTIFIER, lexeme=y, literal=null, line=1)
Token(type=THEN, lexeme=THEN, literal=null, line=1)
Token(type=PRINT, lexeme=PRINT, literal=null, line=2)
Token(type=IDENTIFIER, lexeme=x, literal=null, line=2)
Token(type=ELSE, lexeme=ELSE, literal=null, line=3)
Token(type=IF, lexeme=IF, literal=null, line=3)
Token(type=IDENTIFIER, lexeme=x, literal=null, line=3)
Token(type=EQUAL, lexeme==, literal=null, line=3)
Token(type=IDENTIFIER, lexeme=y, literal=null, line=3)
Token(type=PRINT, lexeme=PRINT, literal=null, line=4)
Token(type=IDENTIFIER, lexeme=y, literal=null, line=4)
Token(type=ELSE, lexeme=ELSE, literal=null, line=5)
Token(type=PRINT, lexeme=PRINT, literal=null, line=6)
Token(type=NUMBER, lexeme=0, literal=0.0, line=6)
Token(type=END, lexeme=END, literal=null, line=7)
Token(type=IF, lexeme=IF, literal=null, line=7)
Token(type=EOF, lexeme=, literal=null, line=7)