Token(type=STRING, lexeme="empty", literal=empty, line=1)
Token(type=STRING, lexeme="", literal=, line=2)
Token(type=STRING, lexeme="1111111", literal=1111111, line=3)
Token(type=STRING, lexeme="s p a c e ", literal=s p a c e , line=4)
Token(type=STRING, lexeme="          ", literal=          , line=5)
Token(type=STRING, lexeme="left          ", literal=left          , line=6)
Token(type=STRING, lexeme="          center          ", literal=          center          , line=7)
Token(type=STRING, lexeme="          right", literal=          right, line=8)
Token(type=STRING, lexeme="(,!&!@{}/\||.)", literal=(,!&!@{}/\||.), line=9)
Token(type=EOF, lexeme=, literal=null, line=9)