Token(type=WHILE, lexeme=WHILE, literal=null, line=1)
Token(type=IDENTIFIER, lexeme=i, literal=null, line=1)
Token(type=EQUAL, lexeme=<-, literal=null, line=1)
Token(type=NUMBER, lexeme=1, literal=1.0, line=1)
Token(type=LESS, lexeme=<, literal=null, line=1)
Token(type=NUMBER, lexeme=10, literal=10.0, line=1)
Token(type=DO, lexeme=DO, literal=null, line=1)
Token(type=VAR, lexeme=SET, literal=null, line=2)
Token(type=IDENTIFIER, lexeme=i, literal=null, line=2)
Token(type=EQUAL, lexeme=<-, literal=null, line=2)
Token(type=IDENTIFIER, lexeme=i, literal=null, line=2)
Token(type=PLUS, lexeme=+, literal=null, line=2)
Token(type=NUMBER, lexeme=1, literal=1.0, line=2)
Token(type=END, lexeme=END, literal=null, line=3)
Token(type=WHILE, lexeme=WHILE, literal=null, line=3)
Token(type=FOR, lexeme=FOR, literal=null, line=4)
Token(type=IDENTIFIER, lexeme=j, literal=null, line=4)
Token(type=IN, lexeme=IN, literal=null, line=4)
Token(type=NUMBER, lexeme=0, literal=0.0, line=4)
Token(type=TO, lexeme=TO, literal=null, line=4)
Token(type=NUMBER, lexeme=10, literal=10.0, line=4)
Token(type=STEP, lexeme=STEP, literal=null, line=4)
Token(type=NUMBER, lexeme=2, literal=2.0, line=4)
Token(type=DO, lexeme=DO, literal=null, line=4)
Token(type=PRINT, lexeme=PRINT, literal=null, line=5)
Token(type=IDENTIFIER, lexeme=j, literal=null, line=5)
Token(type=END, lexeme=END, literal=null, line=6)
Token(type=FOR, lexeme=FOR, literal=null, line=6)
Token(type=EOF, lexeme=, literal=null, line=6)