Token(type=NUMBER, lexeme=12, literal=12.0, line=1)
Token(type=IDENTIFIER, lexeme=three, literal=null, line=1)
Token(type=IDENTIFIER, lexeme=onetwo3, literal=null, line=2)
Token(type=NUMBER, lexeme=1, literal=1.0, line=3)
Token(type=STRING, lexeme="one", literal=one, line=3)
Token(type=IDENTIFIER, lexeme=one, literal=null, line=3)
Token(type=NUMBER, lexeme=1, literal=1.0, line=4)
Token(type=NUMBER, lexeme=1, literal=1.0, line=4)
Token(type=NUMBER, lexeme=1, literal=1.0, line=4)
Token(type=STRING, lexeme="one", literal=one, line=5)
Token(type=STRING, lexeme="word", literal=word, line=5)
Token(type=IDENTIFIER, lexeme=_0, literal=null, line=6)
Token(type=NUMBER, lexeme=0, literal=0.0, line=7)
Token(type=IDENTIFIER, lexeme=_0, literal=null, line=7)
Token(type=IDENTIFIER, lexeme=one, literal=null, line=8)
Token(type=STRING, lexeme="one", literal=one, line=8)
Token(type=NUMBER, lexeme=1, literal=1.0, line=8)
Token(type=LESSER_EQUAL, lexeme=<=, literal=null, line=9)
Token(type=LESSER, lexeme=<, literal=null, line=9)
Token(type=LESSER, lexeme=<, literal=null, line=9)
Token(type=GREATER_EQUAL, lexeme=>=, literal=null, line=10)
Token(type=LESSER, lexeme=<, literal=null, line=11)
Token(type=LESSER, lexeme=<, literal=null, line=11)
Token(type=LESSER_EQUAL, lexeme=<=, literal=null, line=11)
Token(type=NOT, lexeme=!, literal=null, line=14)
Token(type=NOT_EQUAL, lexeme=!=, literal=null, line=14)
Token(type=NOT, lexeme=NOT, literal=null, line=15)
Token(type=IDENTIFIER, lexeme=NOTANYMORE, literal=null, line=16)
Token(type=IDENTIFIER, lexeme=x, literal=null, line=17)
Token(type=ASSIGN, lexeme=<-, literal=null, line=17)
Token(type=IDENTIFIER, lexeme=y, literal=null, line=17)
Token(type=IDENTIFIER, lexeme=x, literal=null, line=18)
Token(type=LESSER, lexeme=<, literal=null, line=18)
Token(type=MINUS, lexeme=-, literal=null, line=18)
Token(type=IDENTIFIER, lexeme=y, literal=null, line=18)
Token(type=NUMBER, lexeme=1.2, literal=1.2, line=19)
Token(type=DOT, lexeme=., literal=null, line=19)
Token(type=NUMBER, lexeme=3, literal=3.0, line=19)
Token(type=NUMBER, lexeme=1, literal=1.0, line=20)
Token(type=DOT, lexeme=., literal=null, line=20)
Token(type=DOT, lexeme=., literal=null, line=20)
Token(type=NUMBER, lexeme=2, literal=2.0, line=20)
Token(type=LESSER_EQUAL, lexeme=<=, literal=null, line=21)
Token(type=NOT, lexeme=NOT, literal=null, line=21)
Token(type=NOT, lexeme=NOT, literal=null, line=22)
Token(type=ASSIGN, lexeme=<-, literal=null, line=22)
Token(type=IDENTIFIER, lexeme=i, literal=null, line=24)
Token(type=LESSER, lexeme=<, literal=null, line=24)
Token(type=NUMBER, lexeme=3, literal=3.0, line=24)
Token(type=IDENTIFIER, lexeme=u, literal=null, line=24)
Token(type=IDENTIFIER, lexeme=IFk, literal=null, line=25)
Token(type=IF, lexeme=IF, literal=null, line=26)
Token(type=STAR, lexeme=*, literal=null, line=26)
Token(type=IDENTIFIER, lexeme=k, literal=null, line=26)
Token(type=IDENTIFIER, lexeme=x, literal=null, line=27)
Token(type=ASSIGN, lexeme=<-, literal=null, line=27)
Token(type=NUMBER, lexeme=1, literal=1.0, line=27)
Token(type=EOF, lexeme=, literal=null, line=27)
