Token(type=INITIALIZE, lexeme=INITIALIZE, literal=null, line=1)
Token(type=IDENTIFIER, lexeme=message, literal=null, line=1)
Token(type=ASSIGN, lexeme=<-, literal=null, line=1)
Token(type=STRING, lexeme="hello\nworld", literal=hello\nworld, line=1)
Token(type=INITIALIZE, lexeme=INITIALIZE, literal=null, line=2)
Token(type=IDENTIFIER, lexeme=tab, literal=null, line=2)
Token(type=ASSIGN, lexeme=<-, literal=null, line=2)
Token(type=STRING, lexeme="hello\tworld", literal=hello\tworld, line=2)
Token(type=EOF, lexeme=, literal=null, line=2)